[www.bellecottage.co.za/index.html]
[static.wixstatic.com/media/e2b70e_e94280349db542e3bda8eb9ffc747de6.png/v1/fill/w_192,h_192,lg_1,usm_0.66_1.00_0.01/e2b70e_e94280349db542e3bda8eb9ffc747de6.png]
[static.wixstatic.com/media/e2b70e_e94280349db542e3bda8eb9ffc747de6.png/v1/fill/w_32,h_32,lg_1,usm_0.66_1.00_0.01/e2b70e_e94280349db542e3bda8eb9ffc747de6.png]
[static.wixstatic.com/media/e2b70e_e94280349db542e3bda8eb9ffc747de6.png/v1/fill/w_180,h_180,lg_1,usm_0.66_1.00_0.01/e2b70e_e94280349db542e3bda8eb9ffc747de6.png]
[static.parastorage.com/unpkg/core-js-bundle@3.2.1/minified.js]
[static.parastorage.com/unpkg/focus-within-polyfill@5.0.9/dist/focus-within-polyfill.js]
[polyfill-fastly.io/v3/polyfill.mind82c.js]
[www.bellecottage.co.za/location.6.delayed]
[backblue.gif]
[fade.gif]
[index.html]
[static.wixstatic.com/media/e2b70e_9157423ec59a412baf9b8f35b3b236dd.jpg/v1/fill/w_288,h_192,al_c,q_80,usm_0.66_1.00_0.01,blur_2,enc_auto/e2b70e_9157423ec59a412baf9b8f35b3b236dd.jpg]
[www.bellecottage.co.za/rooms-rates.html]
[www.bellecottage.co.za/about-us.html]
[www.bellecottage.co.za/location-2.html]
[www.bellecottage.co.za/contact-us.html]
[browser.sentry-cdn.com/6.18.2/bundle.min.js]
[www.bellecottage.co.za/sitemap.xml]
[www.bellecottage.co.za/feed.e.delayed]
[www.bellecottage.co.za/${n.f.delayed]
[static.parastorage.com/services/wix-thunderbolt/dist/thunderbolt-commons.90d0afc1.bundle.min.js]
[static.parastorage.com/services/wix-thunderbolt/dist/main.63955c57.bundle.min.js]
[static.parastorage.com/services/wix-thunderbolt/dist/main.renderer.1d21f023.bundle.min.js]
[static.parastorage.com/unpkg/lodash@4.17.21/lodash.min.js]
[static.parastorage.com/unpkg/react@18.3.1/umd/react.production.min.js]
[static.parastorage.com/unpkg/react-dom@18.3.1/umd/react-dom.production.min.js]
[www.bellecottage.co.za/decodeURIComponent(e.16.delayed]
[static.parastorage.com/services/tag-manager-client/1.844.0/siteTags.bundle.min.js]
[www.bellecottage.co.za/index.html]
[www.bellecottage.co.za/location.html]
[static.parastorage.com/services/wix-perf-measure/1.1095.0/wix-perf-measure.umd.min.js]
[static.wixstatic.com/media/e2b70e_304db4f93eda425082b97ebe4a8dd07a.jpg/v1/fill/w_288,h_192,al_c,q_80,usm_0.66_1.00_0.01,blur_2,enc_auto/e2b70e_304db4f93eda425082b97ebe4a8dd07a.jpg]
[www.bellecottage.co.za/rooms-rates.html]
[static.parastorage.com/services/wix-thunderbolt/dist/main.456d8521.bundle.min.js]
[static.wixstatic.com/media/e2b70e_22ac0482909944b49bf7fa7af7113a71.jpg/v1/fill/w_288,h_192,al_c,q_80,usm_0.66_1.00_0.01,blur_2,enc_auto/e2b70e_22ac0482909944b49bf7fa7af7113a71.jpg]
[www.bellecottage.co.za/about-us.html]
[static.parastorage.com/services/editor-elements-library/dist/thunderbolt/media/sloppyframe.d2412ec4.png]
[static.wixstatic.com/media/e2b70e_dae7a0c4eedc412d868a24b7453f6c3f.jpg/v1/fill/w_288,h_192,al_c,q_80,usm_0.66_1.00_0.01,blur_2,enc_auto/e2b70e_dae7a0c4eedc412d868a24b7453f6c3f.jpg]
[static.wixstatic.com/media/e2b70e_74595f94a0c64e48b6e9416cef825fa6.png/v1/fill/w_43,h_43,al_c,q_85,usm_0.66_1.00_0.01,enc_auto/e2b70e_74595f94a0c64e48b6e9416cef825fa6.png]
[www.bellecottage.co.za/location-2.html]
[static.wixstatic.com/media/e2b70e_5ba28aca1420452db0ad39176e515c1b.jpg/v1/fill/w_288,h_192,al_c,q_80,usm_0.66_1.00_0.01,blur_2,enc_auto/e2b70e_5ba28aca1420452db0ad39176e515c1b.jpg]
[static.wixstatic.com/media/9e3f5b8b0949efaff05a67bf63b10a7b.png/v1/fill/w_63,h_63,al_c,q_85,usm_0.66_1.00_0.01,enc_auto/9e3f5b8b0949efaff05a67bf63b10a7b.png]
[static.wixstatic.com/media/3ba9f6a28696f0d31da0e5d7ad956c51.png/v1/fill/w_63,h_63,al_c,q_85,usm_0.66_1.00_0.01,enc_auto/3ba9f6a28696f0d31da0e5d7ad956c51.png]
[static.wixstatic.com/media/481e93c3c01f590373811bc646473608.png/v1/fill/w_63,h_63,al_c,q_85,usm_0.66_1.00_0.01,enc_auto/481e93c3c01f590373811bc646473608.png]
[www.bellecottage.co.za/contact-us.html]
[www.bellecottage.co.za/feed.html]
[www.bellecottage.co.za/${n.html]
[www.bellecottage.co.za/decodeURIComponent(e.html]
